// Jest Snapshot v1, https://goo.gl/fbAQLP

exports[`Component should render list correctly 1`] = `
<DocumentFragment>
  <div
    class="list-container"
  >
    <div
      class="ricky-martin-list-item-container"
    >
      <div
        class="item-group-container d-flex justify-space-btwn"
      >
        <span
          class="status-badge-container bg-green"
        >
          ALIVE
        </span>
        <span
          style="font-size: 20px;"
        >
          ðŸ‘¨
        </span>
      </div>
      <div
        class="item-group-container d-flex justify-center"
      >
        <div
          class="avatar-container"
        >
          <img
            alt="avatar_img"
            loading="lazy"
            src="test"
          />
          ;
        </div>
      </div>
      <div
        class="item-group-container d-flex justify-center flex-col align-center profile-container"
      >
        <h3
          class="profile-item"
        >
          Prashant
        </h3>
        <span
          class="profile-item"
        >
          bangalore
        </span>
        <span
          class="profile-item"
        >
          bangalore
        </span>
      </div>
      <div
        class="item-group-container meta-container"
      >
        <span>
          Episode
        </span>
        <span />
      </div>
      <div
        class="item-group-container footer"
      >
        <span>
          View Profile
        </span>
      </div>
    </div>
  </div>
</DocumentFragment>
`;
