// Jest Snapshot v1, https://goo.gl/fbAQLP

exports[`GenderIcon component renders the female gender icon correctly 1`] = `
<DocumentFragment>
  <span
    style="font-size: 20px;"
  >
    ðŸ‘©
  </span>
</DocumentFragment>
`;

exports[`GenderIcon component renders the male gender icon correctly 1`] = `
<DocumentFragment>
  <span
    style="font-size: 20px;"
  >
    ðŸ‘¨
  </span>
</DocumentFragment>
`;
