// Jest Snapshot v1, https://goo.gl/fbAQLP

exports[`Avatar Component renders correctly 1`] = `
<DocumentFragment>
  <div
    class="avatar-container"
  >
    <img
      alt="avatar_img"
      loading="lazy"
      src="test"
    />
    ;
  </div>
</DocumentFragment>
`;
